// Jest Snapshot v1, https://goo.gl/fbAQLP

exports[`<Pagination /> should render correct 1`] = `
<nav
  aria-label="Page navigation example"
>
  <ul
    className="pagination justify-content-center"
  >
    <li
      className="page-item disabled"
    >
      <button
        className="page-link"
        disabled={true}
        onClick={[Function]}
      >
        <span
          aria-hidden="true"
        >
          «
        </span>
        <span
          className="sr-only"
        >
          Предыдущая
        </span>
      </button>
    </li>
    <li
      className="page-item "
    >
      <button
        className="page-link"
        disabled={false}
        onClick={[Function]}
      >
        <span
          aria-hidden="true"
        >
          »
        </span>
        <span
          className="sr-only"
        >
          Следующая
        </span>
      </button>
    </li>
  </ul>
</nav>
`;
